// Jest Snapshot v1, https://goo.gl/fbAQLP

exports[`Header 1`] = `
<header>
  <h1>
    Expensify
  </h1>
  <NavLink
    activeClassName="is-active"
    exact={true}
    to="/"
  >
     Home Pageu 
  </NavLink>
  <NavLink
    activeClassName="is-active"
    to="/create"
  >
     Create
  </NavLink>
  <NavLink
    activeClassName="is-active"
    to="/help"
  >
      Help 
  </NavLink>
</header>
`;
